src/agentic_supply/data/online_shop_data.csv
Date,Shopping Event?,Ad Spend,Page Views,Unit Price,Sold Units,Revenue,Operational Cost,Profit
2021-01-01,False,1377.8513287296892,11774,1000.0,2414,2414000.0,1708389.017038101,705610.9829618989
2021-01-02,False,1210.6377126978266,11774,1000.0,2411,2411000.0,1706733.7977247848,704266.2022752152
2021-01-03,False,1407.7476147476707,11747,1000.0,2343,2343000.0,1672915.6070881712,670084.3929118288
2021-01-04,False,1240.6739185992176,11634,1000.0,2284,2284000.0,1643245.3180278433,640754.6819721567
2021-01-05,False,1393.857568505717,11703,1000.0,2345,2345000.0,1673902.1169747668,671097.8830252332
2021-01-06,False,1316.6772621900914,11831,1000.0,2385,2385000.0,1693828.6145759495,691171.3854240505
2021-01-07,False,1480.2433641964794,11756,1000.0,2330,2330000.0,1666482.3420475926,663517.6579524074
2021-01-08,False,1153.1332237973884,11599,1000.0,2323,2323000.0,1662658.4840679485,660341.5159320515
2021-01-09,False,1132.8652075157152,11570,1000.0,2321,2321000.0,1661646.0871063666,659353.9128936334
2021-01-10,False,1348.7780000241964,11797,1000.0,2393,2393000.0,1697857.1369791478,695142.8630208522
2021-01-11,False,1110.966119273742,11748,1000.0,2325,2325000.0,1663612.842284874,661387.1577151259
2021-01-12,False,1189.2327553410573,11718,1000.0,2390,2390000.0,1696200.711636614,693799.288363386
2021-01-13,False,1369.7893696480887,11715,1000.0,2362,2362000.0,1682386.9888530727,679613.0111469273
2021-01-14,False,1247.399194092824,11803,1000.0,2387,2387000.0,1694752.5262995125,692247.4737004875
2021-01-15,False,1211.4141120644467,11538,1000.0,2311,2311000.0,1656720.8149092654,654279.1850907346
2021-01-16,False,1218.8558530577443,11728,1000.0,2393,2393000.0,1697736.3632265641,695263.6367734359
2021-01-17,False,1367.4261818803877,11664,1000.0,2373,2373000.0,1687871.8320290542,685128.1679709458
2021-01-18,False,1318.7654052966486,11600,1000.0,2369,2369000.0,1685827.6359956556,683172.3640043444
2021-01-19,False,1469.1193744469088,11963,1000.0,2385,2385000.0,1693975.1993397195,691024.8006602805
2021-01-20,False,1312.5752791324885,11737,1000.0,2348,2348000.0,1675319.385799097,672680.6142009031
2021-01-21,False,1324.366677821395,11687,1000.0,2224,2224000.0,1613327.9357367312,610672.0642632688
2021-01-22,False,1276.940838163783,11640,1000.0,2427,2427000.0,1714781.0049752393,712218.9950247607
2021-01-23,False,1422.9578558943927,11755,1000.0,2378,2378000.0,1690437.293444255,687562.7065557451
2021-01-24,False,1150.908632698955,11700,1000.0,2472,2472000.0,1737161.0119875737,734838.9880124263
2021-01-25,False,1424.3545600618395,11653,1000.0,2402,2402000.0,1702438.7407596095,699561.2592403905
2021-01-26,False,1448.441095968044,11645,1000.0,2288,2288000.0,1645459.1900786422,642540.8099213578
2021-01-27,False,1425.897897543961,11660,1000.0,2308,2308000.0,1655427.2634579677,652572.7365420323
2021-01-28,False,1469.79436207473,12050,1000.0,2320,2320000.0,1661490.3251619623,658509.6748380377
2021-01-29,False,1354.8520235617193,11899,1000.0,2297,2297000.0,1649861.0972502045,647138.9027497955
2021-01-30,False,1322.5845804461576,12046,1000.0,2373,2373000.0,1687822.9384890776,685177.0615109224
2021-01-31,False,1254.2366134162394,11611,1000.0,2295,2295000.0,1648771.8115088942,646228.1884911058
2021-02-01,False,1420.254177931807,11906,1000.0,2436,2436000.0,1719436.3274518691,716563.6725481309
2021-02-02,False,1482.3026814760042,11774,1000.0,2356,2356000.0,1679483.3175262527,676516.6824737473
2021-02-03,False,1454.6547214885286,11904,1000.0,2448,2448000.0,1725461.1877368407,722538.8122631593
2021-02-04,False,1469.5427056293115,11888,1000.0,2432,2432000.0,1717480.9638601842,714519.0361398158
2021-02-05,False,1445.6881521600487,11951,1000.0,2387,2387000.0,1694948.0287109795,692051.9712890205
2021-02-06,False,1333.341093152526,11702,1000.0,2323,2323000.0,1662841.439546451,660158.560453549
2021-02-07,False,1461.3732985754402,11793,1000.0,2402,2402000.0,1702468.8376395707,699531.1623604293
2021-02-08,False,1182.5358048656756,11640,1000.0,2270,2270000.0,1636186.1375144818,633813.8624855182
2021-02-09,False,1392.2738115483357,11764,1000.0,2310,2310000.0,1656407.541842815,653592.458157185
2021-02-10,False,1341.822672136569,11739,1000.0,2286,2286000.0,1644344.6391375335,641655.3608624665
2021-02-11,False,1297.9822964171617,11611,1000.0,2346,2346000.0,1674301.8574747967,671698.1425252033
2021-02-12,False,1454.8987233079145,11735,1000.0,2351,2351000.0,1676955.642333958,674044.3576660419
2021-02-13,False,1101.8351911847788,11668,1000.0,2367,2367000.0,1684613.3966137927,682386.6033862073
2021-02-14,False,1495.932028118398,11847,1000.0,2261,2261000.0,1631997.974345485,629002.025654515
2021-02-15,False,1107.9481357045609,11679,1000.0,2339,2339000.0,1670635.778202575,668364.2217974251
2021-02-16,False,1285.7325972481178,11626,981.7540120617182,3017,2961951.854390204,2009787.797570548,952164.0568196559
2021-02-17,False,1305.8969767597023,11577,1000.0,2293,2293000.0,1647822.830391197,645177.169608803
2021-02-18,False,1105.82257899763,11674,1000.0,2278,2278000.0,1640107.176347256,637892.8236527441
2021-02-19,False,1166.0529587750052,11613,1000.0,2358,2358000.0,1680190.3520577524,677809.6479422476
2021-02-20,False,1242.9544671900796,11676,1000.0,2326,2326000.0,1664252.1154161901,661747.8845838099
2021-02-21,False,1497.617525053091,11883,1000.0,2398,2398000.0,1700514.915612922,697485.084387078
2021-02-22,False,1189.8132651660858,11509,1000.0,2278,2278000.0,1640199.5246240655,637800.4753759345
2021-02-24,False,1313.010368762725,11845,1000.0,2359,2359000.0,1680820.6880361866,678179.3119638134
2021-02-25,False,1242.0912102424395,11517,1000.0,2334,2334000.0,1668264.049715705,665735.950284295
2021-02-26,False,1364.3021785482408,11638,1000.0,2265,2265000.0,1633867.6176865152,631132.3823134848
2021-02-27,False,1112.595941252133,11687,1000.0,2395,2395000.0,1698620.2538179331,696379.7461820669
2021-02-28,False,1472.8142371236759,11758,1000.0,2325,2325000.0,1663989.4664997489,661010.5335002511
2021-03-01,False,1371.7896255072894,11911,1000.0,2410,2410000.0,1706383.3530765318,703616.6469234682
2021-03-02,False,1114.7027972542492,11563,1000.0,2321,2321000.0,1661615.3112749592,659384.6887250408
2021-03-03,False,1316.4482753351872,12088,1000.0,2456,2456000.0,1729326.3480663141,726673.6519336859
2021-03-04,False,1282.5314198882866,11670,1000.0,2348,2348000.0,1675288.5897573023,672711.4102426977
2021-03-05,False,1439.3283047173818,11837,1000.0,2343,2343000.0,1672944.486872323,670055.5131276769
2021-03-06,False,1140.7888824446188,11759,1000.0,2293,2293000.0,1647650.0679741078,645349.9320258922
2021-03-07,False,1253.5189993723138,11676,1000.0,2330,2330000.0,1666270.3571684784,663729.6428315216
2021-03-08,False,1249.8270311941944,11881,1000.0,2340,2340000.0,1671259.7354088295,668740.2645911705
2021-03-09,False,1323.1501529478219,11638,1000.0,2326,2326000.0,1664326.656758413,661673.343241587
2021-03-10,False,1236.892670829729,11834,1000.0,2448,2448000.0,1725246.791215108,722753.208784892
2021-03-11,False,1277.1492298719836,11742,1000.0,2345,2345000.0,1673778.9792082212,671221.0207917788
2021-03-12,False,1209.238165407482,11688,1000.0,2390,2390000.0,1696210.5345397233,693789.4654602767
2021-03-13,False,1343.6299180941078,12062,1000.0,2397,2397000.0,1699844.020833723,697155.979166277
2021-03-14,False,1266.8024790194754,11501,1000.0,2320,2320000.0,1661281.2046508854,658718.7953491146
2021-03-15,False,1360.6796732166795,11829,1000.0,2326,2326000.0,1664367.274706257,661632.725293743
2021-03-16,False,1311.6883926057171,11732,1000.0,2320,2320000.0,1661324.1734299827,658675.8265700173
2021-03-17,False,1179.045839843593,11474,1000.0,2280,2280000.0,1641181.421687006,638818.578312994
2021-03-18,False,1375.6130702823118,11737,1000.0,2238,2238000.0,1620394.6073649446,617605.3926350554
2021-03-19,False,1305.422073388945,11767,1000.0,2369,2369000.0,1685816.9062606127,683183.0937393873
2021-03-20,False,1427.5436115181376,11593,1000.0,2361,2361000.0,1681934.7713216706,679065.2286783294
2021-03-21,False,1437.5410464329639,11889,1000.0,2359,2359000.0,1680947.6696601335,678052.3303398665
2021-03-22,False,1177.2705479330355,11759,1000.0,2384,2384000.0,1693189.9607828245,690810.0392171755
2021-03-23,False,1150.7765414121177,11762,1000.0,2312,2312000.0,1657161.0325457007,654838.9674542993
2021-03-24,False,1348.2200021321123,11878,1000.0,2358,2358000.0,1680352.9947684167,677647.0052315833
2021-03-25,False,1287.9283456111348,11644,1000.0,2352,2352000.0,1677294.9213919542,674705.0786080458
2021-03-26,False,1201.3935167562065,11785,1000.0,2287,2287000.0,1644708.8616002603,642291.1383997397
2021-03-27,False,1188.963784576837,12014,1000.0,2325,2325000.0,1663696.6031904942,661303.3968095058
2021-03-28,False,1332.4675500384014,11816,1000.0,2375,2375000.0,1688844.4362321945,686155.5637678055
2021-03-30,False,1189.7072463537204,11537,1000.0,2270,2270000.0,1636191.6906803146,633808.3093196854
2021-03-31,False,1158.376227775703,11668,1000.0,2266,2266000.0,1634158.6598310454,631841.3401689546
2021-04-01,False,1177.6276424181265,11859,1000.0,2329,2329000.0,1665680.6782882854,663319.3217117146
2021-04-02,False,1134.956745187648,11640,1000.0,2201,2201000.0,1601637.729751277,599362.270248723
2021-04-03,False,1467.0170618138714,11861,1000.0,2331,2331000.0,1666978.0722441617,664021.9277558383
2021-04-04,False,1345.520812555272,11896,1000.0,2419,2419000.0,1710852.394535476,708147.6054645239
2021-04-05,False,1184.5734250416208,11834,1000.0,2335,2335000.0,1668708.729528666,666291.270471334
2021-04-06,False,1357.7242669786344,11685,1000.0,2240,2240000.0,1621362.148779478,618637.8512205221
2021-04-07,False,1167.3098550853229,11607,1000.0,2325,2325000.0,1663668.9558243684,661331.0441756316
2021-04-08,False,1382.3905171411716,11766,1000.0,2388,2388000.0,1695394.9857909542,692605.0142090458
2021-04-09,False,1168.041245561358,11516,1000.0,2243,2243000.0,1622669.9283299982,620330.0716700018
2021-04-10,False,1430.4581533518558,11717,1000.0,2249,2249000.0,1625932.0364066116,623067.9635933884
2021-04-11,False,1111.642135779763,11450,1000.0,2245,2245000.0,1623618.2019001306,621381.7980998694
2021-04-12,False,1420.2282583722872,11953,1000.0,2387,2387000.0,1694933.4699946162,692066.5300053838
2021-04-13,False,1140.5061547632376,11729,1000.0,2314,2314000.0,1658162.3049956872,655837.6950043128
2021-04-14,False,1398.955391108473,11729,1000.0,2332,2332000.0,1667404.9990694537,664595.0009305463
2021-04-15,False,1494.8722487990863,11907,1000.0,2426,2426000.0,1714510.775357305,711489.2246426949
2021-04-16,False,1261.0636455649185,11768,1000.0,2364,2364000.0,1683278.426792199,680721.573207801
2021-04-17,False,1198.0823749623864,11622,1000.0,2322,2322000.0,1662201.4653763613,659798.5346236387
2021-04-18,False,1129.3116500803428,11736,1000.0,2347,2347000.0,1674641.1616645264,672358.8383354736
2021-04-19,False,1391.8154043316688,11705,1000.0,2327,2327000.0,1664903.2200070561,662096.7799929439
2021-04-20,False,1109.1927193209624,11691,1000.0,2363,2363000.0,1682627.6480978562,680372.3519021438
2021-04-21,False,1327.962751397075,11724,1000.0,2323,2323000.0,1662828.9024595888,660171.0975404112
2021-04-22,False,1187.3311022303055,11691,1000.0,2392,2392000.0,1697194.6976017845,694805.3023982155
2021-04-23,False,1136.5090785480306,11825,1000.0,2371,2371000.0,1686647.2638220738,684352.7361779262
2021-04-24,False,1147.1745573874412,11632,1000.0,2402,2402000.0,1702161.5978971415,699838.4021028585
2021-04-25,False,1331.7067541904999,11699,1000.0,2366,2366000.0,1684342.8550832134,681657.1449167866
2021-04-26,False,1339.5622078325619,11695,1000.0,2331,2331000.0,1666849.8938472285,664150.1061527715
2021-04-27,False,1475.3021302464217,11806,1000.0,2392,2392000.0,1697481.6532849781,694518.3467150219
2021-04-28,False,1217.986526813685,11637,1000.0,2374,2374000.0,1688232.797690107,685767.202309893
2021-04-29,False,1139.216034309852,11717,1000.0,2358,2358000.0,1680144.7632128154,677855.2367871846
2021-04-30,False,1183.8304724653408,11704,1000.0,2370,2370000.0,1686184.0423936853,683815.9576063147
2021-05-01,False,1146.172827915865,11742,1000.0,2395,2395000.0,1698650.7691570788,696349.2308429212
2021-05-02,False,1285.7510176816124,11773,1000.0,2302,2302000.0,1652287.1464719437,649712.8535280563
2021-05-03,False,1442.8480916484853,11783,1000.0,2375,2375000.0,1688943.1482291217,686056.8517708783
2021-05-04,False,1329.285329307892,11667,1000.0,2409,2409000.0,1705838.5941453592,703161.4058546408
2021-05-05,False,1370.7543229855503,11748,1000.0,2402,2402000.0,1702376.4392064253,699623.5607935747
2021-05-06,False,1425.9178064442024,11687,1000.0,2273,2273000.0,1637929.1268345632,635070.8731654368
2021-05-07,False,1109.6023985464801,11581,1000.0,2261,2261000.0,1631620.0459103307,629379.9540896693
2021-05-08,False,1313.8838405865858,11793,1000.0,2390,2390000.0,1696323.7807599406,693676.2192400594
2021-05-09,False,1161.9700713100474,11599,1000.0,2351,2351000.0,1676673.1417515846,674326.8582484154
2021-05-10,False,1332.9677924961743,11799,1000.0,2308,2308000.0,1655336.4104682724,652663.5895317276
2021-05-11,False,1478.4874399699952,11855,1000.0,2450,2450000.0,1726494.8770534098,723505.1229465902
2021-05-12,False,1104.9841051496292,11632,1000.0,2307,2307000.0,1654629.5532196811,652370.4467803189
2021-05-13,False,1272.4115386461967,11725,1000.0,2354,2354000.0,1678280.6995872012,675719.3004127988
2021-05-14,False,1237.3668729912472,11825,1000.0,2412,2412000.0,1707250.2373227817,704749.7626772183
2021-05-15,False,1205.3786111723691,11751,1000.0,2345,2345000.0,1673716.3441447981,671283.6558552019
2021-05-16,False,1419.7961087445983,11742,1000.0,2270,2270000.0,1636424.6626081616,633575.3373918384
2021-05-17,False,1406.962099178176,11619,1000.0,2337,2337000.0,1669908.211658917,667091.7883410831
2021-05-18,False,1108.772046660854,11619,1000.0,2386,2386000.0,1694122.2514038528,691877.7485961472
2021-05-19,False,1261.2075228818353,11519,1000.0,2226,2226000.0,1614263.5915820755,611736.4084179245
2021-05-20,False,1357.3330395040048,11859,1000.0,2372,2372000.0,1687357.7621690398,684642.2378309602
2021-05-21,False,1182.6480860505565,11865,1000.0,2371,2371000.0,1686704.1718815702,684295.8281184298
2021-05-22,False,1460.050937096907,12031,1000.0,2342,2342000.0,1672467.2961388233,669532.7038611767
2021-05-23,False,1119.7360861487498,11643,1000.0,2321,2321000.0,1661621.3856740573,659378.6143259427
2021-05-25,False,1176.926662400755,11669,1000.0,2359,2359000.0,1680681.9646517928,678318.0353482072
2021-05-26,False,1371.6287348515152,11747,1000.0,2376,2376000.0,1689376.0046552997,686623.9953447003
2021-05-27,False,1225.8915174164827,11652,1000.0,2335,2335000.0,1668730.5222754816,666269.4777245184
2021-05-28,False,1416.4761312137132,11724,1000.0,2336,2336000.0,1669422.1284741915,666577.8715258085
2021-05-29,False,1218.515110484023,11886,1000.0,2391,2391000.0,1696718.8645155332,694281.1354844668
2021-05-30,False,1476.3795191656118,11783,1000.0,2343,2343000.0,1672990.1934250914,670009.8065749086
2021-06-01,False,1354.0401900501397,11795,1000.0,2499,2499000.0,1750855.7491931496,748144.2508068504
2021-06-02,False,1414.615441891423,11704,1000.0,2401,2401000.0,1701927.7455413123,699072.2544586877
2021-06-03,False,1163.0428569359694,11672,1000.0,2270,2270000.0,1636164.4279841175,633835.5720158825
2021-06-04,False,1256.1089689834428,11749,1000.0,2398,2398000.0,1700256.7389396117,697743.2610603883
2021-06-05,False,1245.7591035492198,11959,1000.0,2394,2394000.0,1698246.2433046666,695753.7566953334
2021-06-06,False,1245.2480882606628,11574,1000.0,2315,2315000.0,1658747.8450817836,656252.1549182164
2021-06-07,False,1262.2929090909638,11730,1000.0,2387,2387000.0,1694769.8045574175,692230.1954425825
2021-06-08,False,1186.7607952086314,11649,1000.0,2372,2372000.0,1687191.2978531742,684808.7021468258
2021-06-09,False,1160.7744357406243,11631,1000.0,2467,2467000.0,1734667.5166481736,732332.4833518264
2021-06-10,False,1335.5378117456082,11765,1000.0,2392,2392000.0,1697352.8885816233,694647.1114183767
2021-06-11,False,1167.5750813852005,11625,1000.0,2241,2241000.0,1621672.8696921647,619327.1303078353
2021-06-12,False,1171.8366415865232,11672,999.3728600421915,2879,2877194.4640614693,1940681.3691791752,936513.0948822941
2021-06-13,False,1216.542973754776,11919,1000.0,2346,2346000.0,1674218.0411931514,671781.9588068486
2021-06-14,False,1193.0896605916073,11608,1000.0,2333,2333000.0,1667696.2194999636,665303.7805000364
2021-06-15,False,1453.0541260068583,12021,1000.0,2450,2450000.0,1726460.788724822,723539.211275178
2021-06-16,False,1498.5283371984124,11890,1000.0,2357,2357000.0,1680022.9971273858,676977.0028726142
2021-06-17,False,1364.4694037066915,11579,1000.0,2313,2313000.0,1657865.2851992538,655134.7148007462
2021-06-18,False,1110.9027581846176,11581,1000.0,2280,2280000.0,1641120.9067388435,638879.0932611565
2021-06-20,False,1196.8264441093402,11604,1000.0,2365,2365000.0,1683700.3572916188,681299.6427083812
2021-06-21,False,1244.687175244034,11657,1000.0,2320,2320000.0,1661256.0750828532,658743.9249171468
2021-06-23,False,1476.365360832488,11831,1000.0,2388,2388000.0,1695477.4776238655,692522.5223761345
2021-06-24,False,1419.6043369626852,11729,1000.0,2346,2346000.0,1674443.338678362,671556.6613216379
2021-06-25,False,1494.8053013033273,11987,1000.0,2407,2407000.0,1705000.7636052798,701999.2363947202
2021-06-26,False,1394.0958586363836,11808,1000.0,2348,2348000.0,1675405.8463967901,672594.1536032099
2021-06-27,False,1356.8426994731362,11825,1000.0,2482,2482000.0,1742368.1184209408,739631.8815790592
2021-06-28,False,1357.6960540243829,11628,1000.0,2281,2281000.0,1641875.962588349,639124.0374116511
2021-06-29,False,1471.6361986745121,11795,1000.0,2412,2412000.0,1707473.8405591794,704526.1594408206
2021-06-30,False,1285.2494013220899,11756,1000.0,2350,2350000.0,1676290.0633096842,673709.9366903158
2021-07-01,False,1174.3470167505106,11659,1000.0,2364,2364000.0,1683181.187573071,680818.8124269289
2021-07-02,False,1350.6907771744397,11614,1000.0,2265,2265000.0,1633857.8778357457,631142.1221642543
