src/agentic_supply/data/online_shop_data.csv
Date,Shopping Event?,Ad Spend,Page Views,Unit Price,Sold Units,Revenue,Operational Cost,Profit
2021-07-03,False,1105.8385354523691,11583,1000.0,2276,2276000.0,1639124.870084686,636875.129915314
2021-07-04,False,1399.5068598654582,11701,1000.0,2328,2328000.0,1665404.8642401374,662595.1357598626
2021-07-05,False,1245.5981613076333,11706,1000.0,2402,2402000.0,1702250.181336234,699749.8186637659
2021-07-06,False,1189.611698897055,11662,1000.0,2264,2264000.0,1633193.0387429544,630806.9612570456
2021-07-07,False,1352.9877751282916,11750,1000.0,2293,2293000.0,1647857.934872897,645142.0651271029
2021-07-08,False,1124.125936217155,11554,1000.0,2372,2372000.0,1687129.537740407,684870.462259593
2021-07-09,False,1312.190823039592,11996,1000.0,2397,2397000.0,1699818.881903226,697181.118096774
2021-07-10,False,1308.7023906153802,11841,1000.0,2368,2368000.0,1685324.9968885216,682675.0031114784
2021-07-11,False,1237.1910916024278,11715,1000.0,2325,2325000.0,1663738.1696350165,661261.8303649835
2021-07-12,False,1474.3244305479163,11722,1000.0,2322,2322000.0,1662479.6420537937,659520.3579462063
2021-07-13,False,1274.9888079665177,11742,1000.0,2379,2379000.0,1690781.737598685,688218.2624013149
2021-07-14,False,1203.4525723019237,11960,1000.0,2380,2380000.0,1691216.5250281533,688783.4749718467
2021-07-15,False,1386.3618753844362,11773,1000.0,2316,2316000.0,1659410.2300559925,656589.7699440075
2021-07-16,False,1234.7621128135736,11598,1000.0,2321,2321000.0,1661739.0520772112,659260.9479227888
2021-07-17,False,1158.3828220323967,11730,987.2530991684829,3001,2962746.550604617,2001676.8652260753,961069.6853785419
2021-07-18,False,1140.3447610063538,11562,1000.0,2323,2323000.0,1662654.52554867,660345.47445133
2021-07-19,False,1436.704472156486,11782,1000.0,2284,2284000.0,1643440.492068516,640559.5079314839
2021-07-20,False,1476.323272091473,11910,1000.0,2305,2305000.0,1653997.5106936593,651002.4893063407
2021-07-21,False,1129.9559406080505,11589,1000.0,2382,2382000.0,1692136.866256876,689863.1337431241
2021-07-22,False,1222.157815398056,11709,1000.0,2321,2321000.0,1661746.5582717962,659253.4417282038
2021-07-23,False,1472.6111776971084,11826,1000.0,2366,2366000.0,1684487.4659761544,681512.5340238456
2021-07-24,False,1477.255779263246,11841,1000.0,2319,2319000.0,1660988.3762312569,658011.6237687431
2021-07-25,False,1411.6311286777757,11842,1000.0,2295,2295000.0,1648913.394130657,646086.605869343
2021-07-26,False,1100.1729609446775,11586,1000.0,2315,2315000.0,1658610.3930941557,656389.6069058443
2021-07-27,False,1306.6235489779945,11722,1000.0,2371,2371000.0,1686814.6127059066,684185.3872940934
2021-07-28,False,1286.7858716689343,11732,1000.0,2379,2379000.0,1690796.4026414887,688203.5973585113
2021-07-30,False,1235.4063071335318,11720,1000.0,2310,2310000.0,1656241.8826125136,653758.1173874864
2021-07-31,False,1118.7059419409468,11607,1000.0,2306,2306000.0,1654120.777800906,651879.222199094
2021-08-01,False,1216.2040117073616,11436,1000.0,2293,2293000.0,1647718.080402973,645281.9195970269
2021-08-02,False,1433.5701897896965,11751,1000.0,2414,2414000.0,1708442.2605904778,705557.7394095222
2021-08-03,False,1493.9799133987365,11878,1000.0,2323,2323000.0,1663004.9815660042,659995.0184339958
2021-08-04,False,1208.0153340776333,11740,1000.0,2291,2291000.0,1646721.9874502588,644278.0125497412
2021-08-05,False,1176.1449728834602,11623,1000.0,2357,2357000.0,1679685.405838385,677314.594161615
2021-08-06,False,1269.1683902403656,11692,1000.0,2335,2335000.0,1668772.661285216,666227.338714784
2021-08-07,False,1463.0642574020542,11854,1000.0,2454,2454000.0,1728472.5178501378,725527.4821498622
2021-08-08,False,1381.9674064203814,12054,1000.0,2435,2435000.0,1718889.9274536227,716110.0725463773
2021-08-09,False,1484.1574682582468,11950,1000.0,2338,2338000.0,1670495.7105342774,667504.2894657226
2021-08-10,False,1218.7044106311137,11584,1000.0,2327,2327000.0,1664725.7399591452,662274.2600408548
2021-08-11,False,1194.4820138223597,11950,1000.0,2447,2447000.0,1724704.7169565798,722295.2830434202
2021-08-12,False,1454.8092648293846,12002,1000.0,2482,2482000.0,1742462.536532615,739537.4634673849
2021-08-13,False,1336.629706773988,11697,1000.0,2368,2368000.0,1685341.5562110012,682658.4437889988
2021-08-14,False,1413.7147658079548,11861,1000.0,2318,2318000.0,1660420.6223999667,657579.3776000333
2021-08-15,False,1191.2398727360303,11670,1000.0,2299,2299000.0,1650701.2073992789,648298.7926007211
2021-08-16,False,1275.532665214172,11577,1000.0,2453,2453000.0,1727791.5957012312,725208.4042987688
2021-08-17,False,1413.1615275110428,11668,1000.0,2342,2342000.0,1672419.15753833,669580.84246167
2021-08-18,False,1378.7917700666662,11848,1000.0,2336,2336000.0,1669379.2862568642,666620.7137431358
2021-08-19,False,1263.6650334103538,11733,1000.0,2256,2256000.0,1629271.6178540855,626728.3821459145
2021-08-20,False,1137.1976020150582,11513,1000.0,2330,2330000.0,1666165.3195689567,663834.6804310433
2021-08-21,False,1479.28080200074,11856,1000.0,2385,2385000.0,1693992.2104607578,691007.7895392422
2021-08-22,False,1343.9979050204604,11698,1000.0,2380,2380000.0,1691344.8915899436,688655.1084100564
2021-08-23,False,1160.9788242374927,11564,1000.0,2291,2291000.0,1646666.3224989153,644333.6775010847
2021-08-24,False,1114.535780331647,11583,1000.0,2316,2316000.0,1659114.8807434952,656885.1192565048
2021-08-25,False,1251.7580407262049,11717,1000.0,2407,2407000.0,1704754.3843208528,702245.6156791472
2021-08-26,False,1390.5198847679133,11733,1000.0,2321,2321000.0,1661902.0796128483,659097.9203871517
2021-08-27,False,1276.9601336496623,11850,1000.0,2360,2360000.0,1681287.096428128,678712.903571872
2021-08-28,False,1360.0707566973101,11801,1000.0,2332,2332000.0,1667372.5214695202,664627.4785304798
2021-08-29,False,1145.250990689419,11585,1000.0,2297,2297000.0,1649650.9928402035,647349.0071597965
2021-08-31,False,1421.0109293698179,11890,1000.0,2351,2351000.0,1676922.9230695264,674077.0769304736
2021-09-01,False,1294.511560687191,11669,1000.0,2348,2348000.0,1675297.3717761212,672702.6282238788
2021-09-02,False,1489.7671094298453,11779,1000.0,2343,2343000.0,1672994.9960282994,670005.0039717006
2021-09-03,False,1427.9334586568543,11873,1000.0,2497,2497000.0,1749929.8424605704,747070.1575394296
2021-09-04,False,1449.6996543061027,11764,1000.0,2337,2337000.0,1669958.3314337828,667041.6685662172
2021-09-05,False,1407.9263105548873,11869,1000.0,2314,2314000.0,1658410.9735059703,655589.0264940297
2021-09-06,False,1160.855061744494,11772,995.0844740251961,3032,3017096.1252443944,2017173.399863703,999922.7253806915
2021-09-07,False,1136.6908451901525,11747,1000.0,2336,2336000.0,1669167.4947624307,666832.5052375693
2021-09-08,False,1471.4823332014926,11726,1000.0,2321,2321000.0,1661973.9035627996,659026.0964372004
2021-09-09,False,1217.1324601418999,11628,1000.0,2281,2281000.0,1641721.6203903293,639278.3796096707
2021-09-10,False,1439.5573802875795,11763,1000.0,2395,2395000.0,1698947.6883713775,696052.3116286225
2021-09-11,False,1445.3644896045193,11989,1000.0,2371,2371000.0,1686965.4828010309,684034.5171989691
2021-09-12,False,1391.1313019327497,11644,1000.0,2353,2353000.0,1677895.2172324534,675104.7827675466
2021-09-13,False,1398.5123604874323,11856,1000.0,2273,2273000.0,1637903.095157538,635096.9048424619
2021-09-14,False,1152.8354844128326,11669,1000.0,2342,2342000.0,1672176.0401636532,669823.9598363468
2021-09-15,False,1489.9213845715985,11786,1000.0,2329,2329000.0,1665993.619810344,663006.380189656
2021-09-16,False,1429.0125903533435,11703,1000.0,2363,2363000.0,1682933.0358715076,680066.9641284924
2021-09-17,False,1277.431626490221,11645,1000.0,2380,2380000.0,1691280.041856462,688719.9581435381
2021-09-19,False,1148.6911965911306,11560,1000.0,2240,2240000.0,1621148.7349457918,618851.2650542082
2021-09-20,False,1499.3428252140768,11866,1000.0,2442,2442000.0,1722506.009844902,719493.990155098
2021-09-21,False,1226.2196365462023,11558,1000.0,2237,2237000.0,1619736.784024182,617263.215975818
2021-09-22,False,1297.5656527025317,11568,1000.0,2328,2328000.0,1665302.0853677643,662697.9146322357
2021-09-23,False,1243.697318824346,11857,1000.0,2422,2422000.0,1712244.8476609378,709755.1523390622
2021-09-24,False,1106.6293344890778,11709,1000.0,2355,2355000.0,1678622.7313369547,676377.2686630453
2021-09-25,False,1156.1935658020811,11654,1000.0,2336,2336000.0,1669163.23527327,666836.7647267301
2021-09-26,False,1203.9397616824476,11659,1000.0,2371,2371000.0,1686719.6054367104,684280.3945632896
2021-09-27,False,1184.9389752011487,11856,1000.0,2412,2412000.0,1707194.92120944,704805.0787905599
2021-09-28,False,1295.149559979764,11808,1000.0,2330,2330000.0,1666313.493884626,663686.5061153739
2021-09-29,False,1252.4041256097523,11490,1000.0,2312,2312000.0,1657262.1887865367,654737.8112134633
2021-09-30,False,1442.1994725839095,11709,1000.0,2302,2302000.0,1652453.9428204035,649546.0571795965
2021-10-02,False,1439.2274466653716,11733,985.91992956542,2985,2942970.989752779,1993949.9234514479,949021.0663013309
2021-10-03,False,1150.961932266636,11670,1000.0,2293,2293000.0,1647654.3223801851,645345.6776198149
2021-10-04,False,1409.3617897306544,11836,1000.0,2374,2374000.0,1688413.113339447,685586.886660553
2021-10-05,False,1345.2064761156446,11572,1000.0,2316,2316000.0,1659352.3052872964,656647.6947127036
2021-10-07,False,1408.0017652794668,11707,1000.0,2427,2427000.0,1714918.6781377539,712081.3218622461
2021-10-08,False,1297.482371932604,11850,1000.0,2375,2375000.0,1688799.499672851,686200.5003271489
2021-10-09,False,1201.1394243968034,11442,1000.0,2296,2296000.0,1649205.961602204,646794.038397796
2021-10-10,False,1319.2129319274327,11780,1000.0,2364,2364000.0,1683335.421972339,680664.578027661
2021-10-11,False,1442.7890406497202,11850,1000.0,2379,2379000.0,1690949.8970479115,688050.1029520885
2021-10-12,False,1123.519785862394,11529,1000.0,2339,2339000.0,1670626.356390074,668373.6436099261
2021-10-13,False,1135.5597268618544,11657,1000.0,2337,2337000.0,1669652.3446966233,667347.6553033767
2021-10-14,False,1224.7749873901423,11685,1000.0,2300,2300000.0,1651246.2969108494,648753.7030891506
2021-10-15,False,1342.1637667621837,11595,1000.0,2296,2296000.0,1649360.8694350407,646639.1305649593
2021-10-16,False,1484.5675275240937,12051,1000.0,2454,2454000.0,1728489.0757799787,725510.9242200213
2021-10-17,False,1145.0353865150867,11475,1000.0,2266,2266000.0,1634145.6449982072,631854.3550017928
2021-10-18,False,1138.4803980960337,11576,1000.0,2299,2299000.0,1650648.761377526,648351.238622474
2021-10-19,False,1355.1101164976328,11645,1000.0,2282,2282000.0,1642363.2738910753,639636.7261089247
2021-10-21,False,1301.7637589979568,11708,1000.0,2378,2378000.0,1690308.7298795972,687691.2701204028
2021-10-22,False,1289.680195218064,11600,1000.0,2306,2306000.0,1654295.8531082568,651704.1468917432
2021-10-23,False,1247.0112562513682,11791,1000.0,2441,2441000.0,1721761.2258132766,719238.7741867234
2021-10-24,False,1280.6226064232965,11847,1000.0,2452,2452000.0,1727282.5686125741,724717.4313874259
2021-10-25,False,1290.634194338667,11657,1000.0,2373,2373000.0,1687805.1541113404,685194.8458886596
2021-10-26,False,1318.603891605822,11983,1000.0,2418,2418000.0,1710323.504142982,707676.495857018
2021-10-27,False,1305.419471660076,11520,1000.0,2258,2258000.0,1630308.7640206306,627691.2359793694
2021-10-28,False,1338.4288728035142,11718,1000.0,2322,2322000.0,1662341.3760530513,659658.6239469487
2021-10-29,False,1245.8705780287487,11636,1000.0,2336,2336000.0,1669258.5392707367,666741.4607292633
2021-10-30,False,1499.7676923590031,11976,1000.0,2463,2463000.0,1733010.00723292,729989.99276708
2021-10-31,False,1355.7298194449445,11651,1000.0,2307,2307000.0,1654858.5932665982,652141.4067334018
2021-11-01,False,1102.4051602671184,11813,1000.0,2372,2372000.0,1687103.2723371785,684896.7276628215
2021-11-02,False,1406.2612684465034,11764,1000.0,2362,2362000.0,1682414.930634283,679585.069365717
2021-11-03,False,1356.5704920793082,11748,1000.0,2399,2399000.0,1700871.526010543,698128.4739894569
2021-11-04,False,1225.654482150059,11830,1000.0,2425,2425000.0,1713748.1369904545,711251.8630095455
2021-11-05,False,1137.6156696072362,11619,1000.0,2377,2377000.0,1689654.563837036,687345.436162964
2021-11-06,False,1259.6042746535363,11748,1000.0,2359,2359000.0,1680764.412185551,678235.5878144491
2021-11-07,False,1480.3374854621447,11821,1000.0,2274,2274000.0,1638492.2900569497,635507.7099430503
2021-11-08,False,1320.126026975095,11667,1000.0,2314,2314000.0,1658320.2276495376,655679.7723504624
2021-11-09,False,1147.6254166289227,11586,1000.0,2243,2243000.0,1622654.9385278062,620345.0614721938
2021-11-11,False,1484.9026491823906,11841,1000.0,2423,2423000.0,1712986.4246803005,710013.5753196995
2021-11-13,False,1231.8360650252996,11662,1000.0,2378,2378000.0,1690232.9079775908,687767.0920224092
2021-11-14,False,1463.4443220405014,11953,1000.0,2502,2502000.0,1752469.1648626996,749530.8351373004
2021-11-15,False,1149.6495759425602,11873,1000.0,2378,2378000.0,1690152.9108600381,687847.0891399619
2021-11-16,False,1108.0349169389801,11693,1000.0,2414,2414000.0,1708114.8481387654,705885.1518612346
2021-11-17,False,1208.0687541574223,11674,1000.0,2313,2313000.0,1657708.8150597848,655291.1849402152
2021-11-18,False,1397.125286039134,11777,1000.0,2362,2362000.0,1682406.4595856257,679593.5404143743
2021-11-19,False,1245.2171862316352,11608,1000.0,2423,2423000.0,1712755.6958107273,710244.3041892727
2021-11-20,False,1324.795694808533,11779,1000.0,2411,2411000.0,1706835.3704823311,704164.6295176689
2021-11-21,False,1301.5984667008836,11905,1000.0,2383,2383000.0,1692820.5104051672,690179.4895948328
2021-11-22,False,1131.0067320956268,11471,1000.0,2382,2382000.0,1692141.954451581,689858.045548419
2021-11-23,False,1287.4164954469707,11879,1000.0,2359,2359000.0,1680799.7814821044,678200.2185178956
2021-11-24,False,1404.7623376754607,11941,1000.0,2365,2365000.0,1683906.3468353185,681093.6531646815
2021-11-25,False,1469.0537775431926,11920,1000.0,2334,2334000.0,1668471.5365991623,665528.4634008377
2021-11-26,False,1281.051378027472,11729,1000.0,2287,2287000.0,1644786.1883975407,642213.8116024593
2021-11-27,False,1394.8710103351993,11865,1000.0,2310,2310000.0,1656399.172367038,653600.827632962
2021-11-28,False,1369.072270484286,11879,1000.0,2364,2364000.0,1683381.4340064332,680618.5659935668
2021-11-29,False,1444.8389328021549,11775,1000.0,2289,2289000.0,1645947.50021609,643052.4997839101
2021-11-30,False,1394.5862106271134,11718,1000.0,2355,2355000.0,1678895.6211475842,676104.3788524158
2021-12-01,False,1205.3773964279944,11555,1000.0,2316,2316000.0,1659216.0494714435,656783.9505285565
2021-12-02,False,1315.6962791171493,11792,1000.0,2312,2312000.0,1657320.5026786237,654679.4973213763
2021-12-03,False,1352.6682648509984,11774,1000.0,2292,2292000.0,1647355.337541127,644644.6624588729
2021-12-04,False,1159.4987284950053,11711,1000.0,2363,2363000.0,1682661.3625630739,680338.6374369261
2021-12-05,False,1307.2259541596122,11811,1000.0,2347,2347000.0,1674814.7009167208,672185.2990832792
2021-12-06,False,1255.064541957292,11794,1000.0,2321,2321000.0,1661768.5504518305,659231.4495481695
2021-12-07,False,1351.8613441518164,11687,1000.0,2319,2319000.0,1660859.7425207132,658140.2574792868
2021-12-08,False,1260.702050736954,11807,1000.0,2327,2327000.0,1664775.833475995,662224.1665240049
2021-12-09,False,1229.7453993580002,11731,1000.0,2321,2321000.0,1661737.8380457403,659262.1619542597
2021-12-10,False,1225.2627810912913,11766,1000.0,2370,2370000.0,1686227.3175765662,683772.6824234338
2021-12-11,False,1231.6483222668603,11819,1000.0,2429,2429000.0,1715745.4663412618,713254.5336587382
2021-12-12,False,1454.2091824851063,11811,1000.0,2405,2405000.0,1703960.7604974494,701039.2395025506
2021-12-13,False,1484.0242834782985,11769,1000.0,2208,2208000.0,1605490.099962468,602509.900037532
2021-12-14,False,1331.9212235910418,11677,1000.0,2387,2387000.0,1694836.9990151762,692163.0009848238
2021-12-15,False,1328.966172540033,11912,1000.0,2297,2297000.0,1649832.8746887655,647167.1253112345
2021-12-16,False,1184.6964138540006,11742,1000.0,2415,2415000.0,1708693.3560222716,706306.6439777284
2021-12-17,False,1150.0530280649493,11712,1000.0,2376,2376000.0,1689155.007963292,686844.9920367079
2021-12-19,False,1207.9785999011478,11833,1000.0,2331,2331000.0,1666715.0425191848,664284.9574808152
2021-12-20,False,1159.5210398189831,11662,1000.0,2329,2329000.0,1665660.0844533062,663339.9155466938
2021-12-21,False,1292.0418677948296,11654,1000.0,2376,2376000.0,1689292.1231548318,686707.8768451682
2021-12-22,False,1119.6305360390384,11769,1000.0,2314,2314000.0,1658130.3264493165,655869.6735506835
2021-12-23,False,1364.3690310422971,12032,1000.0,2350,2350000.0,1676370.2193440483,673629.7806559517
2021-12-24,False,1220.3628494444106,11763,1000.0,2355,2355000.0,1678722.3990949162,676277.6009050838
2021-12-25,False,1118.307838573535,11541,1000.0,2228,2228000.0,1615143.474673303,612856.5253266969
2021-12-26,False,1103.7949285435357,11512,1000.0,2281,2281000.0,1641626.520104928,639373.479895072
2021-12-27,False,1195.7710197153933,11861,1000.0,2299,2299000.0,1650698.2991517212,648301.7008482788
2021-12-28,False,1447.3607698824112,11931,1000.0,2401,2401000.0,1701947.3663786156,699052.6336213844
2021-12-29,False,1151.6657291373826,11528,1000.0,2269,2269000.0,1635658.588756908,633341.411243092
2021-12-30,False,1350.0271901142578,11819,1000.0,2371,2371000.0,1686856.7017524613,684143.2982475387
2021-12-31,False,1243.0707692288618,11584,1000.0,2341,2341000.0,1671744.890077031,669255.109922969
