src/agentic_supply/data/online_shop_data.csv
Date,Shopping Event?,Ad Spend,Page Views,Unit Price,Sold Units,Revenue,Operational Cost,Profit
2021-02-23,True,2679.2346998964053,18497,918.6204515394462,5511,5062517.3084338885,3258186.416451872,1804330.8919820166
2021-03-29,True,2747.738688760981,22202,930.654820048929,6226,5794256.9096246315,3615750.7830052464,2178506.126619385
2021-05-24,True,2755.0503872702884,19492,835.3253216069215,6158,5143933.330455422,3581756.9906255836,1562176.3398298388
2021-05-31,True,2133.081384775097,19913,842.535472342995,6776,5709020.360596134,3890141.294297667,1818879.066298467
2021-06-19,True,2931.3021020139076,21924,873.0456890721043,7076,6177671.29587421,4040941.198584706,2136730.097289504
2021-06-22,True,2346.7678795212055,21769,801.2021861007211,6695,5364048.635944327,3849853.7707157154,1514194.865228612
2021-07-29,True,2121.0338986536567,21118,881.4636254157344,6760,5958694.107810365,3882124.309779834,2076569.798030531
2021-08-30,True,2848.3950912478344,18669,963.8976746350803,5420,5224325.3965221355,3212856.705742482,2011468.6907796534
2021-09-18,True,2670.8817849337106,18008,878.6424304873477,5622,4939727.744199869,3313672.836965098,1626054.9072347712
2021-10-01,True,2418.250114332981,20500,890.4205626044268,6136,5463620.572140763,3570439.3203681484,1893181.2517726142
2021-10-06,True,2946.1375974949,20477,827.8627068928629,6502,5382763.320217394,3753959.912641743,1628803.407575651
2021-10-20,True,2737.7920680538014,20644,892.4270033713428,6669,5951595.685483485,3837238.0703848056,2114357.61509868
2021-11-10,True,2614.636210372207,20671,914.7516066903945,6751,6175488.096766854,3878129.724053222,2297358.3727136315
2021-11-12,True,2477.9431195939014,20103,942.9797956663333,6024,5680510.289093992,3514486.827990789,2166023.461103203
2021-12-18,True,2784.680263230193,18366,884.5304425568507,5228,4624325.153687215,3116797.0179729913,1507528.135714224
